// Jest Snapshot v1, https://goo.gl/fbAQLP

exports[`renders the Footer correctly 1`] = `
<footer>
  <div
    className="h-100 font-small text-light container-fluid"
  >
    <div
      className="align-items-center footer-text-wrapper row"
    >
      <div
        className="text-center mx-auto col-md-3"
      >
        <a
          className="text-light"
          href="http://william-bolton.com"
          rel="noopener noreferrer"
          target="_blank"
        >
          About the Principal Investigator and Engineer
        </a>
      </div>
      <div
        className="text-center mx-auto col-md-3"
      >
        <a
          className="text-light"
          href="http://blog.digitalsel.org"
          rel="noopener noreferrer"
          target="_blank"
        >
          Blog
        </a>
      </div>
      <div
        className="text-center mx-auto col-md-3"
      >
        Made with
         
        <svg
          aria-hidden="true"
          className="svg-inline--fa fa-heart fa-w-16 "
          data-icon="heart"
          data-prefix="fas"
          focusable="false"
          role="img"
          style={Object {}}
          viewBox="0 0 512 512"
          xmlns="http://www.w3.org/2000/svg"
        >
          <path
            d="M462.3 62.6C407.5 15.9 326 24.3 275.7 76.2L256 96.5l-19.7-20.3C186.1 24.3 104.5 15.9 49.7 62.6c-62.8 53.6-66.1 149.8-9.9 207.9l193.5 199.8c12.5 12.9 32.8 12.9 45.3 0l193.5-199.8c56.3-58.1 53-154.3-9.8-207.9z"
            fill="currentColor"
            style={Object {}}
          />
        </svg>
         
        in South Philadelphia.
        <br />
         
        ©
         
        2020
        , William E. Bolton.
        <br />
      </div>
    </div>
  </div>
</footer>
`;
